
Error: listen EADDRINUSE
    at errnoException (net.js:901:11)
    at Server._listen2 (net.js:1039:14)
    at listen (net.js:1061:10)
    at Server.listen (net.js:1127:5)
    at Object.<anonymous> (c:\Users\Arti Malik\Documents\GitHub\Sora\sockets.js:363:6)
    at Module._compile (module.js:456:26)
    at Object.Module._extensions..js (module.js:474:10)
    at Module.load (module.js:356:32)
    at Function.Module._load (module.js:312:12)
    at Module.require (module.js:364:17)

TypeError: Cannot read property 'global' of undefined
    at new User (c:\Users\Arti Malik\Documents\GitHub\Sora\users.js:324:37)
    at Object.socketConnect (c:\Users\Arti Malik\Documents\GitHub\Sora\users.js:168:13)
    at EventEmitter.<anonymous> (c:\Users\Arti Malik\Documents\GitHub\Sora\sockets.js:36:11)
    at EventEmitter.emit (events.js:95:17)
    at processImmediate [as _immediateCallback] (timers.js:330:15)

TypeError: Cannot read property 'global' of undefined
    at new User (c:\Users\Arti Malik\Documents\GitHub\Sora\users.js:324:37)
    at Object.socketConnect (c:\Users\Arti Malik\Documents\GitHub\Sora\users.js:168:13)
    at EventEmitter.<anonymous> (c:\Users\Arti Malik\Documents\GitHub\Sora\sockets.js:36:11)
    at EventEmitter.emit (events.js:95:17)
    at processImmediate [as _immediateCallback] (timers.js:330:15)

TypeError: Cannot read property 'global' of undefined
    at new User (c:\Users\Arti Malik\Documents\GitHub\Sora\users.js:324:37)
    at Object.socketConnect (c:\Users\Arti Malik\Documents\GitHub\Sora\users.js:168:13)
    at EventEmitter.<anonymous> (c:\Users\Arti Malik\Documents\GitHub\Sora\sockets.js:36:11)
    at EventEmitter.emit (events.js:95:17)
    at processImmediate [as _immediateCallback] (timers.js:330:15)

Error: listen EADDRINUSE
    at errnoException (net.js:901:11)
    at Server._listen2 (net.js:1039:14)
    at listen (net.js:1061:10)
    at Server.listen (net.js:1127:5)
    at Object.<anonymous> (C:\Users\Arti Malik\Documents\GitHub\Sora\sockets.js:363:6)
    at Module._compile (module.js:456:26)
    at Object.Module._extensions..js (module.js:474:10)
    at Module.load (module.js:356:32)
    at Function.Module._load (module.js:312:12)
    at Module.require (module.js:364:17)

Error: ENOENT, no such file or directory 'C:\Users\Arti Malik\Documents\GitHub\Sora\config\db\lastOnline.csv'
    at Object.fs.openSync (fs.js:427:18)
    at Object.fs.readFileSync (fs.js:284:15)
    at Object.stdoutString (C:\Users\Arti Malik\Documents\GitHub\Sora\source\io.js:124:16)
    at User.onDisconnect (C:\Users\Arti Malik\Documents\GitHub\Sora\users.js:906:6)
    at Connection.onDisconnect (C:\Users\Arti Malik\Documents\GitHub\Sora\users.js:1402:28)
    at Object.socketDisconnect (C:\Users\Arti Malik\Documents\GitHub\Sora\users.js:214:13)
    at EventEmitter.<anonymous> (C:\Users\Arti Malik\Documents\GitHub\Sora\sockets.js:41:11)
    at EventEmitter.emit (events.js:95:17)
    at processImmediate [as _immediateCallback] (timers.js:330:15)

ReferenceError: fs is not defined
    at Object.exports.Utilities.stdin (C:\Users\Arti Malik\Documents\GitHub\Sora\source\utilities.js:115:17)
    at Object.customCommands.profile (C:\Users\Arti Malik\Documents\GitHub\Sora\source\custom-commands.js:306:28)
    at Object.exports.parse (C:\Users\Arti Malik\Documents\GitHub\Sora\command-parser.js:211:31)
    at ChatRoom.chat (C:\Users\Arti Malik\Documents\GitHub\Sora\rooms.js:1506:27)
    at User.chat (C:\Users\Arti Malik\Documents\GitHub\Sora\users.js:1319:9)
    at Object.socketReceive (C:\Users\Arti Malik\Documents\GitHub\Sora\users.js:260:12)
    at EventEmitter.<anonymous> (C:\Users\Arti Malik\Documents\GitHub\Sora\sockets.js:47:11)
    at EventEmitter.emit (events.js:95:17)
    at processImmediate [as _immediateCallback] (timers.js:330:15)

ReferenceError: fs is not defined
    at Object.exports.Utilities.stdin (C:\Users\Arti Malik\Documents\GitHub\Sora\source\utilities.js:115:17)
    at Object.customCommands.profile (C:\Users\Arti Malik\Documents\GitHub\Sora\source\custom-commands.js:306:28)
    at Object.exports.parse (C:\Users\Arti Malik\Documents\GitHub\Sora\command-parser.js:211:31)
    at ChatRoom.chat (C:\Users\Arti Malik\Documents\GitHub\Sora\rooms.js:1506:27)
    at User.chat (C:\Users\Arti Malik\Documents\GitHub\Sora\users.js:1319:9)
    at Object.socketReceive (C:\Users\Arti Malik\Documents\GitHub\Sora\users.js:260:12)
    at EventEmitter.<anonymous> (C:\Users\Arti Malik\Documents\GitHub\Sora\sockets.js:47:11)
    at EventEmitter.emit (events.js:95:17)
    at processImmediate [as _immediateCallback] (timers.js:330:15)

Error: ENOENT, no such file or directory 'C:\Users\Arti Malik\Documents\GitHub\Sora\config\usergroups.csv'
    at Object.fs.openSync (fs.js:427:18)
    at Object.fs.readFileSync (fs.js:284:15)
    at Object.exports.Utilities.stdin (C:\Users\Arti Malik\Documents\GitHub\Sora\source\utilities.js:115:20)
    at Object.customCommands.profile (C:\Users\Arti Malik\Documents\GitHub\Sora\source\custom-commands.js:306:28)
    at Object.exports.parse (C:\Users\Arti Malik\Documents\GitHub\Sora\command-parser.js:211:31)
    at ChatRoom.chat (C:\Users\Arti Malik\Documents\GitHub\Sora\rooms.js:1506:27)
    at User.chat (C:\Users\Arti Malik\Documents\GitHub\Sora\users.js:1319:9)
    at Object.socketReceive (C:\Users\Arti Malik\Documents\GitHub\Sora\users.js:260:12)
    at EventEmitter.<anonymous> (C:\Users\Arti Malik\Documents\GitHub\Sora\sockets.js:47:11)
    at EventEmitter.emit (events.js:95:17)

ReferenceError: toUserid is not defined
    at Object.exports.Utilities.stdin (C:\Users\Arti Malik\Documents\GitHub\Sora\source\utilities.js:121:30)
    at Object.customCommands.profile (C:\Users\Arti Malik\Documents\GitHub\Sora\source\custom-commands.js:306:28)
    at Object.exports.parse (C:\Users\Arti Malik\Documents\GitHub\Sora\command-parser.js:211:31)
    at ChatRoom.chat (C:\Users\Arti Malik\Documents\GitHub\Sora\rooms.js:1506:27)
    at User.chat (C:\Users\Arti Malik\Documents\GitHub\Sora\users.js:1319:9)
    at Object.socketReceive (C:\Users\Arti Malik\Documents\GitHub\Sora\users.js:260:12)
    at EventEmitter.<anonymous> (C:\Users\Arti Malik\Documents\GitHub\Sora\sockets.js:47:11)
    at EventEmitter.emit (events.js:95:17)
    at processImmediate [as _immediateCallback] (timers.js:330:15)

ReferenceError: toUserid is not defined
    at Object.exports.Utilities.stdin (C:\Users\Arti Malik\Documents\GitHub\Sora\source\utilities.js:121:30)
    at Object.customCommands.profile (C:\Users\Arti Malik\Documents\GitHub\Sora\source\custom-commands.js:306:28)
    at Object.exports.parse (C:\Users\Arti Malik\Documents\GitHub\Sora\command-parser.js:211:31)
    at ChatRoom.chat (C:\Users\Arti Malik\Documents\GitHub\Sora\rooms.js:1506:27)
    at User.chat (C:\Users\Arti Malik\Documents\GitHub\Sora\users.js:1319:9)
    at Object.socketReceive (C:\Users\Arti Malik\Documents\GitHub\Sora\users.js:260:12)
    at EventEmitter.<anonymous> (C:\Users\Arti Malik\Documents\GitHub\Sora\sockets.js:47:11)
    at EventEmitter.emit (events.js:95:17)
    at processImmediate [as _immediateCallback] (timers.js:330:15)

Error: getaddrinfo EAGAIN
    at errnoException (dns.js:37:11)
    at Object.onanswer [as oncomplete] (dns.js:124:16)
